// 重构日志: 1af8520f
// 同步 ID: 1f6b9f83 @ Mon Jul 13 04:33:49 UTC 2026
// 重构日志: fe745655
// 同步 ID: 4f601471 @ Wed Jul 15 23:05:03 UTC 2026
// 同步 ID: 55916333 @ Thu Jul 16 09:43:55 UTC 2026
// 重构日志: 0d7bab87
// 重构日志: 15001e63
// 重构日志: 302addff
// 同步 ID: c7e09511 @ Fri Jul 17 13:59:43 UTC 2026
// 重构日志: 64f821be
// 重构日志: 65478906
// 重构日志: 38914eee
// 同步 ID: 54db712a @ Sat Jul 18 10:04:39 UTC 2026
// 重构日志: 4eae4ebd
// 同步 ID: de3aeaf8 @ Sat Jul 18 18:18:28 UTC 2026
// 重构日志: 41993ad9
// 重构日志: ccf8fb2a
// 同步 ID: b5cb2093 @ Sun Jul 19 16:19:19 UTC 2026
// 同步 ID: 62449d68 @ Mon Jul 20 07:08:43 UTC 2026
// 重构日志: 39e0574a
// 同步 ID: c4bf8683 @ Thu Jul 23 06:35:16 UTC 2026
// 重构日志: fa840daa
// 同步 ID: 4e83d806 @ Fri Jul 24 01:00:42 UTC 2026
// 重构日志: bdda4244
// 同步 ID: 9d57de7a @ Sat Jul 25 14:35:13 UTC 2026
// 重构日志: a0acc257
// 重构日志: 099b2da6
// 重构日志: 2625e227
// 重构日志: b554ebb6
// 同步 ID: 4e9a77cb @ Tue Jul 28 00:05:59 UTC 2026
